python : Python-dotenv could not parse statement starting at line 11
所在位置 行:1 字符: 1
+ python scripts/test_refactor.py > test_output.txt 2>&1
+ ~~~~~~~~~~~~~~~~~~~~~~~~~~~~~~~~~~~~~~~~~~~~~~~~~~~~~~
    + CategoryInfo          : NotSpecified: (Python-dotenv c...ting at line 11:String) [], RemoteException
    + FullyQualifiedErrorId : NativeCommandError
 
Python-dotenv could not parse statement starting at line 13
Python-dotenv could not parse statement starting at line 15
Initializing DB...
Starting Task Queue...
Creating Test Job...
Job Created: job_231 (JobStatus.QUEUED)
Enqueuing Job...
Waiting for completion...
[0s] Status: JobStatus.RUNNING, Progress: 10
[1s] Status: JobStatus.RUNNING, Progress: 60
[2s] Status: JobStatus.FAILED, Progress: 90
Job Failed: (sqlalchemy.dialects.postgresql.asyncpg.IntegrityError) <class 'asyncpg.exceptions.ForeignKeyViolationError'>: 插入或更新表 "assets" 违反外键约束 "assets_owner_id_fkey"
DETAIL:  键值对(owner_id)=(test_user)没有在表"users"中出现.
[SQL: INSERT INTO assets (id, owner_id, type, provider, url, preview_url, meta, is_public, updated_at) VALUES ($1::VARCHAR, $2::VARCHAR, $3::assettypedb, $4::VARCHAR, $5::VARCHAR, $6::VARCHAR, $7::JSON, $8::BOOLEAN, $9::TIMESTAMP WITH TIME ZONE) RETURNING assets.created_at]
[parameters: ('asset_e3ae51e9', 'test_user', 'IMAGE', 'mock', '/media/job_231/output.png', '/media/job_231/output.png', '{"model": "mock-model", "orientation": null, "size": "1024x1024", "seed": null, "provider_response": {"provider": "mock", "status": "succeeded", "simulated": true}}', True, None)]
(Background on this error at: https://sqlalche.me/e/20/gkpj)
Timeout waiting for job completion.
Exception terminating connection <AdaptedConnection <asyncpg.connection.Connection object at 0x0000023C04893D40>>
Traceback (most recent call last):
  File "C:\Users\Administrator\AppData\Local\Programs\Python\Python312\Lib\site-packages\sqlalchemy\pool\base.py", line
 372, in _close_connection
    self._dialect.do_terminate(connection)
  File "C:\Users\Administrator\AppData\Local\Programs\Python\Python312\Lib\site-packages\sqlalchemy\dialects\postgresql
\asyncpg.py", line 1127, in do_terminate
    dbapi_connection.terminate()
  File "C:\Users\Administrator\AppData\Local\Programs\Python\Python312\Lib\site-packages\sqlalchemy\connectors\asyncio.
py", line 415, in terminate
    self._terminate_force_close()
  File "C:\Users\Administrator\AppData\Local\Programs\Python\Python312\Lib\site-packages\sqlalchemy\dialects\postgresql
\asyncpg.py", line 916, in _terminate_force_close
    self._connection.terminate()
  File "C:\Users\Administrator\AppData\Local\Programs\Python\Python312\Lib\site-packages\asyncpg\connection.py", line 1
515, in terminate
    self._abort()
  File "C:\Users\Administrator\AppData\Local\Programs\Python\Python312\Lib\site-packages\asyncpg\connection.py", line 1
567, in _abort
    self._protocol.abort()
  File "asyncpg\\protocol\\protocol.pyx", line 607, in asyncpg.protocol.protocol.BaseProtocol.abort
  File "asyncpg\\protocol\\coreproto.pyx", line 1205, in asyncpg.protocol.protocol.CoreProtocol._terminate
  File "asyncpg\\protocol\\protocol.pyx", line 967, in asyncpg.protocol.protocol.BaseProtocol._write
  File "C:\Users\Administrator\AppData\Local\Programs\Python\Python312\Lib\asyncio\proactor_events.py", line 366, in wr
ite
    self._loop_writing(data=bytes(data))
  File "C:\Users\Administrator\AppData\Local\Programs\Python\Python312\Lib\asyncio\proactor_events.py", line 402, in _l
oop_writing
    self._write_fut = self._loop._proactor.send(self._sock, data)
                      ^^^^^^^^^^^^^^^^^^^^^^^^^
AttributeError: 'NoneType' object has no attribute 'send'
The garbage collector is trying to clean up non-checked-in connection <AdaptedConnection <asyncpg.connection.Connection
 object at 0x0000023C04893D40>>, which will be terminated.  Please ensure that SQLAlchemy pooled connections are return
ed to the pool explicitly, either by calling ``close()`` or by using appropriate context managers to manage their lifec
ycle.
sys:1: SAWarning: The garbage collector is trying to clean up non-checked-in connection <AdaptedConnection <asyncpg.con
nection.Connection object at 0x0000023C04893D40>>, which will be terminated.  Please ensure that SQLAlchemy pooled conn
ections are returned to the pool explicitly, either by calling ``close()`` or by using appropriate context managers to 
manage their lifecycle.
